[11/14/2025, 2:50:17 PM] [INFO] Node-Media-Server v4.1.0
[11/14/2025, 2:50:17 PM] [INFO] Homepage: https://github.com/illuspas/Node-Media-Server
[11/14/2025, 2:50:17 PM] [INFO] License: Apache-2.0
[11/14/2025, 2:50:17 PM] [INFO] Author: Chen Mingliang

🎥 RTMP Server Started!
━━━━━━━━━━━━━━━━━━━━━━━━━━━━━━━━━━━━━━━━
📡 RTMP URL: rtmp://localhost:1935/live
🌐 HLS URL:  http://localhost:8000/live/STREAM_KEY/index.m3u8
━━━━━━━━━━━━━━━━━━━━━━━━━━━━━━━━━━━━━━━━

OBS Setup:
  Server: rtmp://localhost:1935/live
  Stream Key: Get from dashboard

[11/14/2025, 2:50:17 PM] [INFO] WebSocket server listening on port undefined:8000
[11/14/2025, 2:50:17 PM] [INFO] HTTP server listening on port undefined:8000
[11/14/2025, 2:50:17 PM] [INFO] Rtmp Server listening on port undefined:1935
[prePublish] id=[object Object] StreamPath=undefined
[postPublish] id=[object Object] StreamPath=undefined
✅ Stream is LIVE!
[11/14/2025, 2:50:47 PM] [INFO] RTMP session mhyne25g3iws5iat ::ffff:127.0.0.1:33026 start push /live/nwm23czd2m
[11/14/2025, 2:51:13 PM] [INFO] RTMP session mhyne25g3iws5iat close
[donePublish] id=[object Object] StreamPath=undefined
⏹️  Stream ended
[prePublish] id=[object Object] StreamPath=undefined
[postPublish] id=[object Object] StreamPath=undefined
✅ Stream is LIVE!
[11/14/2025, 2:51:32 PM] [INFO] RTMP session mhynf14jp8y7wnzv ::ffff:127.0.0.1:43496 start push /live/la5zsjl531
[11/14/2025, 2:52:14 PM] [INFO] RTMP session mhynf14jp8y7wnzv close
[donePublish] id=[object Object] StreamPath=undefined
⏹️  Stream ended
